\BOOKMARK [0][-]{Doc-Start}{\376\377\000T\000I\000T\000L\000E\000\040\000P\000A\000G\000E}{}% 1
\BOOKMARK [0][-]{section*.2}{\376\377\000A\000U\000T\000H\000O\000R\000'\000S\000\040\000D\000E\000C\000L\000A\000R\000A\000T\000I\000O\000N}{}% 2
\BOOKMARK [0][-]{section*.3}{\376\377\000A\000C\000K\000N\000O\000W\000L\000E\000D\000G\000E\000M\000E\000N\000T\000S}{}% 3
\BOOKMARK [0][-]{section*.4}{\376\377\000A\000B\000S\000T\000R\000A\000C\000T}{}% 4
\BOOKMARK [0][-]{section*.6}{\376\377\000L\000I\000S\000T\000\040\000O\000F\000\040\000T\000A\000B\000L\000E\000S}{}% 5
\BOOKMARK [0][-]{section*.8}{\376\377\000L\000I\000S\000T\000\040\000O\000F\000\040\000F\000I\000G\000U\000R\000E\000S}{}% 6
\BOOKMARK [0][-]{chapter.1}{\376\377\000I\000N\000T\000R\000O\000D\000U\000C\000T\000I\000O\000N}{}% 7
\BOOKMARK [1][-]{section.1.1}{\376\377\000B\000a\000c\000k\000g\000r\000o\000u\000n\000d\000\040\000o\000f\000\040\000t\000h\000e\000\040\000S\000t\000u\000d\000y}{chapter.1}% 8
\BOOKMARK [1][-]{section.1.2}{\376\377\000S\000t\000a\000t\000e\000m\000e\000n\000t\000\040\000o\000f\000\040\000t\000h\000e\000\040\000P\000r\000o\000b\000l\000e\000m}{chapter.1}% 9
\BOOKMARK [1][-]{section.1.3}{\376\377\000R\000e\000s\000e\000a\000r\000c\000h\000\040\000Q\000u\000e\000s\000t\000i\000o\000n\000s}{chapter.1}% 10
\BOOKMARK [1][-]{section.1.4}{\376\377\000H\000y\000p\000o\000t\000h\000e\000s\000e\000s}{chapter.1}% 11
\BOOKMARK [1][-]{section.1.5}{\376\377\000O\000b\000j\000e\000c\000t\000i\000v\000e\000s\000\040\000o\000f\000\040\000t\000h\000e\000\040\000S\000t\000u\000d\000y}{chapter.1}% 12
\BOOKMARK [1][-]{section.1.6}{\376\377\000M\000e\000t\000h\000o\000d\000o\000l\000o\000g\000y}{chapter.1}% 13
\BOOKMARK [1][-]{section.1.7}{\376\377\000S\000c\000o\000p\000e}{chapter.1}% 14
\BOOKMARK [1][-]{section.1.8}{\376\377\000E\000x\000p\000e\000c\000t\000e\000d\000\040\000K\000e\000y\000\040\000F\000i\000n\000d\000i\000n\000g\000s}{chapter.1}% 15
\BOOKMARK [1][-]{section.1.9}{\376\377\000C\000o\000n\000t\000r\000i\000b\000u\000t\000i\000o\000n}{chapter.1}% 16
\BOOKMARK [0][-]{chapter.2}{\376\377\000R\000E\000L\000A\000T\000E\000D\000\040\000W\000O\000R\000K}{}% 17
\BOOKMARK [1][-]{section.2.1}{\376\377\000D\000e\000n\000s\000e\000-\000P\000r\000o\000c\000e\000s\000s\000i\000n\000g\000\040\000P\000a\000r\000a\000d\000i\000g\000m\000\040\000a\000n\000d\000\040\000C\000o\000m\000p\000u\000t\000a\000t\000i\000o\000n\000a\000l\000\040\000I\000n\000e\000f\000f\000i\000c\000i\000e\000n\000c\000y}{chapter.2}% 18
\BOOKMARK [1][-]{section.2.2}{\376\377\000I\000m\000p\000l\000i\000c\000i\000t\000\040\000v\000s\000\040\000E\000x\000p\000l\000i\000c\000i\000t\000\040\000D\000i\000r\000e\000c\000t\000i\000o\000n\000a\000l\000\040\000R\000e\000a\000s\000o\000n\000i\000n\000g}{chapter.2}% 19
\BOOKMARK [1][-]{section.2.3}{\376\377\000R\000e\000t\000r\000i\000e\000v\000a\000l\000\040\000A\000u\000g\000m\000e\000n\000t\000a\000t\000i\000o\000n\000\040\000a\000s\000\040\000a\000\040\000B\000r\000u\000t\000e\000-\000F\000o\000r\000c\000e\000\040\000P\000r\000o\000x\000y}{chapter.2}% 20
\BOOKMARK [1][-]{section.2.4}{\376\377\000D\000a\000t\000a\000\040\000D\000e\000p\000e\000n\000d\000e\000n\000c\000y\000\040\000a\000n\000d\000\040\000S\000e\000l\000f\000-\000c\000o\000n\000t\000a\000i\000n\000e\000d\000\040\000L\000e\000a\000r\000n\000i\000n\000g}{chapter.2}% 21
\BOOKMARK [1][-]{section.2.5}{\376\377\000M\000o\000d\000e\000l\000\040\000R\000o\000b\000u\000s\000t\000n\000e\000s\000s\000\040\000a\000n\000d\000\040\000H\000a\000l\000l\000u\000c\000i\000n\000a\000t\000i\000o\000n}{chapter.2}% 22
\BOOKMARK [1][-]{section.2.6}{\376\377\000C\000o\000m\000p\000a\000r\000a\000t\000i\000v\000e\000\040\000A\000n\000a\000l\000y\000s\000i\000s\000\040\000o\000f\000\040\000M\000e\000t\000h\000o\000d\000o\000l\000o\000g\000i\000e\000s}{chapter.2}% 23
\BOOKMARK [0][-]{chapter.3}{\376\377\000M\000E\000T\000H\000O\000D\000O\000L\000O\000G\000Y}{}% 24
\BOOKMARK [1][-]{section.3.1}{\376\377\000S\000e\000l\000f\000-\000S\000u\000p\000e\000r\000v\000i\000s\000e\000d\000\040\000P\000r\000e\000-\000t\000r\000a\000i\000n\000i\000n\000g\000:\000\040\000M\000a\000s\000k\000e\000d\000\040\000R\000e\000s\000i\000d\000u\000a\000l\000\040\000M\000o\000d\000e\000l\000i\000n\000g}{chapter.3}% 25
\BOOKMARK [2][-]{subsection.3.1.1}{\376\377\000M\000a\000s\000k\000e\000d\000\040\000R\000e\000s\000i\000d\000u\000a\000l\000\040\000M\000o\000d\000e\000l\000i\000n\000g}{section.3.1}% 26
\BOOKMARK [2][-]{subsection.3.1.2}{\376\377\000R\000e\000c\000o\000n\000s\000t\000r\000u\000c\000t\000i\000o\000n\000\040\000L\000o\000s\000s}{section.3.1}% 27
\BOOKMARK [1][-]{section.3.2}{\376\377\000M\000a\000i\000n\000\040\000M\000o\000d\000e\000l\000\040\000A\000r\000c\000h\000i\000t\000e\000c\000t\000u\000r\000e}{chapter.3}% 28
\BOOKMARK [2][-]{subsection.3.2.1}{\376\377\000D\000i\000r\000e\000c\000t\000i\000o\000n\000a\000l\000\040\000R\000e\000s\000i\000d\000u\000a\000l\000\040\000S\000t\000a\000c\000k}{section.3.2}% 29
\BOOKMARK [2][-]{subsection.3.2.2}{\376\377\000Q\000u\000e\000s\000t\000i\000o\000n\000\040\000G\000u\000i\000d\000e\000d\000\040\000D\000i\000f\000f\000e\000r\000e\000n\000c\000e\000\040\000T\000o\000k\000e\000n\000i\000z\000e\000r}{section.3.2}% 30
\BOOKMARK [2][-]{subsection.3.2.3}{\376\377\000L\000i\000g\000h\000t\000w\000e\000i\000g\000h\000t\000\040\000A\000n\000s\000w\000e\000r\000\040\000P\000r\000e\000d\000i\000c\000t\000o\000r}{section.3.2}% 31
\BOOKMARK [1][-]{section.3.3}{\376\377\000T\000r\000a\000i\000n\000i\000n\000g\000\040\000S\000t\000r\000a\000t\000e\000g\000y\000\040\000a\000n\000d\000\040\000L\000o\000s\000s\000\040\000F\000u\000n\000c\000t\000i\000o\000n\000s}{chapter.3}% 32
\BOOKMARK [2][-]{subsection.3.3.1}{\376\377\000C\000o\000u\000n\000t\000e\000r\000f\000a\000c\000t\000u\000a\000l\000\040\000R\000e\000g\000u\000l\000a\000r\000i\000z\000e\000r}{section.3.3}% 33
\BOOKMARK [2][-]{subsection.3.3.2}{\376\377\000C\000o\000m\000b\000i\000n\000e\000d\000\040\000L\000o\000s\000s\000\040\000F\000u\000n\000c\000t\000i\000o\000n}{section.3.3}% 34
\BOOKMARK [1][-]{section.3.4}{\376\377\000D\000a\000t\000a\000s\000e\000t}{chapter.3}% 35
\BOOKMARK [0][-]{section*.14}{\376\377\000R\000E\000F\000E\000R\000E\000N\000C\000E\000S}{}% 36
\BOOKMARK [0][-]{section*.15}{\376\377\000A\000P\000P\000E\000N\000D\000I\000C\000E\000S}{}% 37
\BOOKMARK [1][-]{section*.16}{\376\377\000A\000P\000P\000E\000N\000D\000I\000X\000\040\000A\000:\000\040\000T\000I\000T\000L\000E}{section*.15}% 38
\BOOKMARK [0][-]{appendix.A}{\376\377\000T\000I\000T\000L\000E}{}% 39
\BOOKMARK [0][-]{section*.18}{\376\377\000V\000I\000T\000A}{}% 40
