2025-11-06 00:41:54,380 - root - INFO - Source directory: D:\MIMIC-CXR-JPG
2025-11-06 00:41:54,382 - root - INFO - Destination directory: E:\MIMIC-CXR-JPG-512x512
2025-11-06 00:41:54,384 - root - INFO - Target size: 512x512
2025-11-06 00:41:54,385 - root - INFO - Finding all JPG files...
2025-11-06 00:41:54,386 - root - INFO - Counting files...
2025-11-06 00:42:18,454 - root - INFO - Source directory: D:\MIMIC-CXR-JPG
2025-11-06 00:42:18,455 - root - INFO - Destination directory: E:\MIMIC-CXR-JPG-512x512
2025-11-06 00:42:18,456 - root - INFO - Target size: 512x512
2025-11-06 00:42:18,457 - root - INFO - Finding all JPG files...
2025-11-06 00:42:18,458 - root - INFO - Counting files...
2025-11-06 00:49:11,628 - root - INFO - Found 377110 images to resize.
2025-11-06 00:49:11,629 - root - INFO - Starting image resizing...
2025-11-06 00:49:11,630 - root - INFO - Using 1 worker process(es).
2025-11-06 00:49:11,631 - root - INFO - running sequentially
2025-11-06 01:07:14,807 - PIL.TiffImagePlugin - DEBUG - tag: Orientation (274) - type: short (3) - value: b'\x00\x01'
2025-11-06 01:07:14,808 - PIL.TiffImagePlugin - DEBUG - tag: ExifIFD (34665) - type: long (4) - value: b'\x00\x00\x00&'
2025-11-06 01:38:30,114 - PIL.TiffImagePlugin - DEBUG - tag: Orientation (274) - type: short (3) - value: b'\x00\x01'
2025-11-06 01:38:30,115 - PIL.TiffImagePlugin - DEBUG - tag: ExifIFD (34665) - type: long (4) - value: b'\x00\x00\x00&'
2025-11-06 01:58:13,240 - PIL.TiffImagePlugin - DEBUG - tag: Orientation (274) - type: short (3) - value: b'\x00\x01'
2025-11-06 01:58:13,241 - PIL.TiffImagePlugin - DEBUG - tag: ExifIFD (34665) - type: long (4) - value: b'\x00\x00\x00&'
2025-11-06 02:05:32,405 - PIL.TiffImagePlugin - DEBUG - tag: Orientation (274) - type: short (3) - value: b'\x00\x01'
2025-11-06 02:05:32,406 - PIL.TiffImagePlugin - DEBUG - tag: ExifIFD (34665) - type: long (4) - value: b'\x00\x00\x00&'
2025-11-06 02:11:24,029 - PIL.TiffImagePlugin - DEBUG - tag: Orientation (274) - type: short (3) - value: b'\x00\x01'
2025-11-06 02:11:24,030 - PIL.TiffImagePlugin - DEBUG - tag: ExifIFD (34665) - type: long (4) - value: b'\x00\x00\x00&'
2025-11-06 03:07:02,961 - PIL.TiffImagePlugin - DEBUG - tag: Orientation (274) - type: short (3) - value: b'\x00\x01'
2025-11-06 03:07:02,963 - PIL.TiffImagePlugin - DEBUG - tag: ExifIFD (34665) - type: long (4) - value: b'\x00\x00\x00&'
2025-11-06 03:21:26,355 - PIL.TiffImagePlugin - DEBUG - tag: Orientation (274) - type: short (3) - value: b'\x00\x01'
2025-11-06 03:21:26,356 - PIL.TiffImagePlugin - DEBUG - tag: ExifIFD (34665) - type: long (4) - value: b'\x00\x00\x00&'
2025-11-06 03:24:07,091 - PIL.TiffImagePlugin - DEBUG - tag: Orientation (274) - type: short (3) - value: b'\x00\x01'
2025-11-06 03:24:07,092 - PIL.TiffImagePlugin - DEBUG - tag: ExifIFD (34665) - type: long (4) - value: b'\x00\x00\x00&'
2025-11-06 04:17:40,541 - PIL.TiffImagePlugin - DEBUG - tag: Orientation (274) - type: short (3) - value: b'\x00\x01'
2025-11-06 04:17:40,572 - PIL.TiffImagePlugin - DEBUG - tag: ExifIFD (34665) - type: long (4) - value: b'\x00\x00\x00&'
2025-11-06 04:19:44,413 - PIL.TiffImagePlugin - DEBUG - tag: Orientation (274) - type: short (3) - value: b'\x00\x01'
2025-11-06 04:19:44,413 - PIL.TiffImagePlugin - DEBUG - tag: ExifIFD (34665) - type: long (4) - value: b'\x00\x00\x00&'
2025-11-06 04:47:42,763 - PIL.TiffImagePlugin - DEBUG - tag: Orientation (274) - type: short (3) - value: b'\x00\x01'
2025-11-06 04:47:42,763 - PIL.TiffImagePlugin - DEBUG - tag: ExifIFD (34665) - type: long (4) - value: b'\x00\x00\x00&'
2025-11-06 06:22:18,402 - PIL.TiffImagePlugin - DEBUG - tag: Orientation (274) - type: short (3) - value: b'\x00\x01'
2025-11-06 06:22:18,402 - PIL.TiffImagePlugin - DEBUG - tag: ExifIFD (34665) - type: long (4) - value: b'\x00\x00\x00&'
2025-11-06 06:26:31,800 - PIL.TiffImagePlugin - DEBUG - tag: Orientation (274) - type: short (3) - value: b'\x00\x01'
2025-11-06 06:26:31,800 - PIL.TiffImagePlugin - DEBUG - tag: ExifIFD (34665) - type: long (4) - value: b'\x00\x00\x00&'
2025-11-06 07:11:06,813 - PIL.TiffImagePlugin - DEBUG - tag: Orientation (274) - type: short (3) - value: b'\x00\x01'
2025-11-06 07:11:06,813 - PIL.TiffImagePlugin - DEBUG - tag: ExifIFD (34665) - type: long (4) - value: b'\x00\x00\x00&'
2025-11-06 07:36:21,287 - PIL.TiffImagePlugin - DEBUG - tag: Orientation (274) - type: short (3) - value: b'\x00\x01'
2025-11-06 07:36:21,287 - PIL.TiffImagePlugin - DEBUG - tag: ExifIFD (34665) - type: long (4) - value: b'\x00\x00\x00&'
2025-11-06 07:46:28,705 - PIL.TiffImagePlugin - DEBUG - tag: Orientation (274) - type: short (3) - value: b'\x00\x01'
2025-11-06 07:46:28,705 - PIL.TiffImagePlugin - DEBUG - tag: ExifIFD (34665) - type: long (4) - value: b'\x00\x00\x00&'
2025-11-06 08:33:14,431 - root - INFO - Processed 377110 tasks.
2025-11-06 08:33:14,431 - root - INFO - 
Resizing complete!
2025-11-06 08:33:14,431 - root - INFO - Resized images are saved in: E:\MIMIC-CXR-JPG-512x512
