2025-11-06 11:48:34,290 - root - INFO - Starting DRIFT-VQA Training (Decoder-Only)
2025-11-06 11:48:34,290 - root - INFO - Configuration: {'data_root': 'D:/MIMIC-CXR-JPG/', 'train_pairs_csv': 'D:/MIMIC-CXR-JPG/mimic_pair_questions_p10_train.csv', 'train_meta_csv': 'D:/MIMIC-CXR-JPG/mimic_all_p10_train.csv', 'val_pairs_csv': 'D:/MIMIC-CXR-JPG/mimic_pair_questions_p10_val.csv', 'val_meta_csv': 'D:/MIMIC-CXR-JPG/mimic_all_p10_val.csv', 'test_pairs_csv': 'D:/MIMIC-CXR-JPG/mimic_pair_questions_p10_test.csv', 'test_meta_csv': 'D:/MIMIC-CXR-JPG/mimic_all_p10_test.csv', 'keyinfo_json': 'D:/MIMIC-CXR-JPG/all_diseases_p10.json', 'backbone': 'resnet18', 'max_ans_len': 8, 'text_encoder': 'tiny', 'text_model_name': 'emilyalsentzer/Bio_ClinicalBERT', 'text_finetune': False, 'text_dim': 768, 'text_proj_dim': 256, 'num_workers': 0, 'bs': 32, 'lr': 0.0002, 'epochs_mrm': 1, 'epochs_warmup': 1, 'epochs_vqa': 1, 'topk': 64, 'lambda_mrm': 0.1, 'lambda_align': 0.05, 'lambda_cf': 0.05, 'seed': 69}
2025-11-06 11:48:34,290 - root - INFO - Using device: cuda
2025-11-06 11:48:34,290 - root - INFO - Loading training data and building vocabulary...
2025-11-06 11:48:34,290 - lib.dataset - INFO - Loading cached dataset manifest from D:\MIMIC-CXR-JPG\mimic_diff_vqa_train_word_cache.pt...
2025-11-06 11:48:34,290 - lib.dataset - INFO - [train split] Building new WORD-LEVEL vocabulary...
2025-11-06 11:48:34,290 - root - INFO - Vocabulary built. Total size: 39 tokens.
2025-11-06 11:48:34,290 - root - INFO - Vocabulary saved to models\vocab.json
2025-11-06 11:48:34,290 - root - INFO - Loading validation data...
2025-11-06 11:48:34,290 - lib.dataset - INFO - Loading cached dataset manifest from D:\MIMIC-CXR-JPG\mimic_diff_vqa_val_word_cache.pt...
2025-11-06 11:48:34,290 - root - INFO - Using 0 data loader workers.
2025-11-06 11:48:34,290 - root - INFO - Initializing model...
2025-11-06 11:48:34,290 - lib.model.vqa - INFO - Initializing DiffVQAModel (Decoder-Only) with backbone: resnet18
2025-11-06 11:48:34,440 - lib.model.vqa - INFO - DRS output channels: 512, Total visual dim: 2048
2025-11-06 11:48:34,440 - lib.model.vqa - INFO - Using TinyText text encoder.
2025-11-06 11:48:34,940 - lib.model.vqa - INFO - Initializing Decoder Head. Vocab size: 39, Max len: 8
2025-11-06 11:48:35,940 - root - INFO - 
=== Stage A: MaskedResidualModel epoch 1/1 ===
2025-11-06 11:48:38,248 - lib.model.drs - DEBUG - DRS input shapes: img_ref=torch.Size([27, 3, 384, 384]), img_cur=torch.Size([27, 3, 384, 384])
2025-11-06 11:48:39,163 - lib.model.drs - DEBUG - DRS feature map shapes: f_ref=torch.Size([27, 512, 12, 12]), f_cur=torch.Size([27, 512, 12, 12])
2025-11-06 11:48:39,274 - lib.model.qdt - DEBUG - QDT inputs: q_vec=torch.Size([27, 256]), concatenated feature map=torch.Size([27, 2048, 12, 12])
2025-11-06 11:48:39,340 - lib.model.qdt - DEBUG - QDT outputs: selected_tokens=torch.Size([27, 64, 2048]), heatmap=torch.Size([27, 12, 12])
2025-11-06 11:48:39,857 - lib.model.drs - DEBUG - DRS input shapes: img_ref=torch.Size([27, 3, 384, 384]), img_cur=torch.Size([27, 3, 384, 384])
2025-11-06 11:48:39,874 - lib.model.drs - DEBUG - DRS feature map shapes: f_ref=torch.Size([27, 512, 12, 12]), f_cur=torch.Size([27, 512, 12, 12])
2025-11-06 11:48:39,874 - lib.model.qdt - DEBUG - QDT inputs: q_vec=torch.Size([27, 256]), concatenated feature map=torch.Size([27, 2048, 12, 12])
2025-11-06 11:48:39,874 - lib.model.qdt - DEBUG - QDT outputs: selected_tokens=torch.Size([27, 64, 2048]), heatmap=torch.Size([27, 12, 12])
2025-11-06 11:48:41,107 - root - INFO - Stage A Epoch 1 Avg Loss: 0.3456
2025-11-06 11:48:41,107 - root - INFO - 
=== Stage B: Warm-up epoch 1/1 ===
2025-11-06 11:48:43,515 - lib.model.drs - DEBUG - DRS input shapes: img_ref=torch.Size([27, 3, 384, 384]), img_cur=torch.Size([27, 3, 384, 384])
2025-11-06 11:48:43,524 - lib.model.drs - DEBUG - DRS feature map shapes: f_ref=torch.Size([27, 512, 12, 12]), f_cur=torch.Size([27, 512, 12, 12])
2025-11-06 11:48:43,524 - lib.model.qdt - DEBUG - QDT inputs: q_vec=torch.Size([27, 256]), concatenated feature map=torch.Size([27, 2048, 12, 12])
2025-11-06 11:48:43,524 - lib.model.qdt - DEBUG - QDT outputs: selected_tokens=torch.Size([27, 64, 2048]), heatmap=torch.Size([27, 12, 12])
2025-11-06 11:48:43,524 - lib.model.drs - DEBUG - DRS input shapes: img_ref=torch.Size([27, 3, 384, 384]), img_cur=torch.Size([27, 3, 384, 384])
2025-11-06 11:48:43,540 - lib.model.drs - DEBUG - DRS feature map shapes: f_ref=torch.Size([27, 512, 12, 12]), f_cur=torch.Size([27, 512, 12, 12])
2025-11-06 11:48:43,540 - lib.model.qdt - DEBUG - QDT inputs: q_vec=torch.Size([27, 256]), concatenated feature map=torch.Size([27, 2048, 12, 12])
2025-11-06 11:48:43,556 - lib.model.qdt - DEBUG - QDT outputs: selected_tokens=torch.Size([27, 64, 2048]), heatmap=torch.Size([27, 12, 12])
2025-11-06 11:48:44,157 - root - INFO - Stage B Epoch 1 Avg Loss: 3.7988
2025-11-06 11:48:44,157 - root - INFO - 
=== Stage C: VQA epoch 1/1 ===
2025-11-06 11:48:46,344 - lib.model.drs - DEBUG - DRS input shapes: img_ref=torch.Size([27, 3, 384, 384]), img_cur=torch.Size([27, 3, 384, 384])
2025-11-06 11:48:46,357 - lib.model.drs - DEBUG - DRS feature map shapes: f_ref=torch.Size([27, 512, 12, 12]), f_cur=torch.Size([27, 512, 12, 12])
2025-11-06 11:48:46,357 - lib.model.qdt - DEBUG - QDT inputs: q_vec=torch.Size([27, 256]), concatenated feature map=torch.Size([27, 2048, 12, 12])
2025-11-06 11:48:46,357 - lib.model.qdt - DEBUG - QDT outputs: selected_tokens=torch.Size([27, 64, 2048]), heatmap=torch.Size([27, 12, 12])
2025-11-06 11:48:46,357 - lib.model.drs - DEBUG - DRS input shapes: img_ref=torch.Size([27, 3, 384, 384]), img_cur=torch.Size([27, 3, 384, 384])
2025-11-06 11:48:46,377 - lib.model.drs - DEBUG - DRS feature map shapes: f_ref=torch.Size([27, 512, 12, 12]), f_cur=torch.Size([27, 512, 12, 12])
2025-11-06 11:48:46,377 - lib.model.qdt - DEBUG - QDT inputs: q_vec=torch.Size([27, 256]), concatenated feature map=torch.Size([27, 2048, 12, 12])
2025-11-06 11:48:46,377 - lib.model.qdt - DEBUG - QDT outputs: selected_tokens=torch.Size([27, 64, 2048]), heatmap=torch.Size([27, 12, 12])
2025-11-06 11:48:47,941 - root - INFO - Stage C Epoch 1 Avg Loss: 4.0036
2025-11-06 11:48:47,941 - root - INFO - Running validation...
2025-11-06 11:48:49,658 - lib.model.drs - DEBUG - DRS input shapes: img_ref=torch.Size([18, 3, 384, 384]), img_cur=torch.Size([18, 3, 384, 384])
2025-11-06 11:48:58,274 - lib.model.drs - DEBUG - DRS feature map shapes: f_ref=torch.Size([18, 512, 12, 12]), f_cur=torch.Size([18, 512, 12, 12])
2025-11-06 11:48:58,274 - lib.model.qdt - DEBUG - QDT inputs: q_vec=torch.Size([18, 256]), concatenated feature map=torch.Size([18, 2048, 12, 12])
2025-11-06 11:48:58,298 - lib.model.qdt - DEBUG - QDT outputs: selected_tokens=torch.Size([18, 64, 2048]), heatmap=torch.Size([18, 12, 12])
2025-11-06 11:49:08,920 - root - INFO - Model saved to models\drift_vqa_final.pth
2025-11-08 02:04:06,665 - root - INFO - Starting DRIFT-VQA Training (Decoder-Only)
2025-11-08 02:04:06,665 - root - INFO - Configuration: {'data_root': 'D:/MIMIC-CXR-JPG/', 'train_pairs_csv': 'D:/MIMIC-CXR-JPG/mimic_pair_questions_p10_train.csv', 'train_meta_csv': 'D:/MIMIC-CXR-JPG/mimic_all_p10_train.csv', 'val_pairs_csv': 'D:/MIMIC-CXR-JPG/mimic_pair_questions_p10_val.csv', 'val_meta_csv': 'D:/MIMIC-CXR-JPG/mimic_all_p10_val.csv', 'test_pairs_csv': 'D:/MIMIC-CXR-JPG/mimic_pair_questions_p10_test.csv', 'test_meta_csv': 'D:/MIMIC-CXR-JPG/mimic_all_p10_test.csv', 'keyinfo_json': 'D:/MIMIC-CXR-JPG/all_diseases_p10.json', 'backbone': 'resnet18', 'max_ans_len': 8, 'text_encoder': 'tiny', 'text_model_name': 'emilyalsentzer/Bio_ClinicalBERT', 'text_finetune': False, 'text_dim': 768, 'text_proj_dim': 256, 'num_workers': 0, 'bs': 32, 'lr': 0.0002, 'epochs_mrm': 1, 'epochs_warmup': 1, 'epochs_vqa': 1, 'topk': 64, 'lambda_mrm': 0.1, 'lambda_align': 0.05, 'lambda_cf': 0.05, 'seed': 69}
2025-11-08 02:04:06,731 - root - INFO - Using device: cuda
2025-11-08 02:04:06,731 - root - INFO - Loading training data and building vocabulary...
2025-11-08 02:04:07,053 - lib.dataset - INFO - Loading cached dataset manifest from D:\MIMIC-CXR-JPG\mimic_diff_vqa_train_word_cache.pt...
2025-11-08 02:04:07,129 - lib.dataset - INFO - [train split] Building new WORD-LEVEL vocabulary...
2025-11-08 02:04:07,129 - root - INFO - Vocabulary built. Total size: 39 tokens.
2025-11-08 02:04:07,132 - root - INFO - Vocabulary saved to models\vocab.json
2025-11-08 02:04:07,132 - root - INFO - Loading validation data...
2025-11-08 02:04:07,147 - lib.dataset - INFO - Loading cached dataset manifest from D:\MIMIC-CXR-JPG\mimic_diff_vqa_val_word_cache.pt...
2025-11-08 02:04:07,165 - root - INFO - Using 0 data loader workers.
2025-11-08 02:04:07,165 - root - INFO - Initializing model...
2025-11-08 02:04:07,165 - lib.model.vqa - INFO - Initializing DiffVQAModel (Decoder-Only) with backbone: resnet18
2025-11-08 02:04:07,368 - lib.model.vqa - INFO - DRS output channels: 512, Total visual dim: 2048
2025-11-08 02:04:07,368 - lib.model.vqa - INFO - Using TinyText text encoder.
2025-11-08 02:04:07,888 - lib.model.vqa - INFO - Initializing Decoder Head. Vocab size: 39, Max len: 8
2025-11-08 02:04:08,852 - root - INFO - 
=== Stage A: MaskedResidualModel epoch 1/1 ===
2025-11-08 02:04:11,622 - lib.model.drs - DEBUG - DRS input shapes: img_ref=torch.Size([27, 3, 384, 384]), img_cur=torch.Size([27, 3, 384, 384])
2025-11-08 02:04:13,169 - lib.model.drs - DEBUG - DRS feature map shapes: f_ref=torch.Size([27, 512, 12, 12]), f_cur=torch.Size([27, 512, 12, 12])
2025-11-08 02:04:13,412 - lib.model.qdt - DEBUG - QDT inputs: q_vec=torch.Size([27, 256]), concatenated feature map=torch.Size([27, 2048, 12, 12])
2025-11-08 02:04:13,648 - lib.model.qdt - DEBUG - QDT outputs: selected_tokens=torch.Size([27, 64, 2048]), heatmap=torch.Size([27, 12, 12])
2025-11-08 02:04:14,222 - lib.model.drs - DEBUG - DRS input shapes: img_ref=torch.Size([27, 3, 384, 384]), img_cur=torch.Size([27, 3, 384, 384])
2025-11-08 02:04:14,232 - lib.model.drs - DEBUG - DRS feature map shapes: f_ref=torch.Size([27, 512, 12, 12]), f_cur=torch.Size([27, 512, 12, 12])
2025-11-08 02:04:14,233 - lib.model.qdt - DEBUG - QDT inputs: q_vec=torch.Size([27, 256]), concatenated feature map=torch.Size([27, 2048, 12, 12])
2025-11-08 02:04:14,235 - lib.model.qdt - DEBUG - QDT outputs: selected_tokens=torch.Size([27, 64, 2048]), heatmap=torch.Size([27, 12, 12])
2025-11-08 02:04:15,878 - root - INFO - Stage A Epoch 1 Avg Loss: 0.3456
2025-11-08 02:04:15,881 - root - INFO - 
=== Stage B: Warm-up epoch 1/1 ===
2025-11-08 02:04:18,035 - lib.model.drs - DEBUG - DRS input shapes: img_ref=torch.Size([27, 3, 384, 384]), img_cur=torch.Size([27, 3, 384, 384])
2025-11-08 02:04:18,051 - lib.model.drs - DEBUG - DRS feature map shapes: f_ref=torch.Size([27, 512, 12, 12]), f_cur=torch.Size([27, 512, 12, 12])
2025-11-08 02:04:18,052 - lib.model.qdt - DEBUG - QDT inputs: q_vec=torch.Size([27, 256]), concatenated feature map=torch.Size([27, 2048, 12, 12])
2025-11-08 02:04:18,053 - lib.model.qdt - DEBUG - QDT outputs: selected_tokens=torch.Size([27, 64, 2048]), heatmap=torch.Size([27, 12, 12])
2025-11-08 02:04:18,055 - lib.model.drs - DEBUG - DRS input shapes: img_ref=torch.Size([27, 3, 384, 384]), img_cur=torch.Size([27, 3, 384, 384])
2025-11-08 02:04:18,062 - lib.model.drs - DEBUG - DRS feature map shapes: f_ref=torch.Size([27, 512, 12, 12]), f_cur=torch.Size([27, 512, 12, 12])
2025-11-08 02:04:18,063 - lib.model.qdt - DEBUG - QDT inputs: q_vec=torch.Size([27, 256]), concatenated feature map=torch.Size([27, 2048, 12, 12])
2025-11-08 02:04:18,064 - lib.model.qdt - DEBUG - QDT outputs: selected_tokens=torch.Size([27, 64, 2048]), heatmap=torch.Size([27, 12, 12])
2025-11-08 02:04:18,667 - root - INFO - Stage B Epoch 1 Avg Loss: 3.8009
2025-11-08 02:04:18,670 - root - INFO - 
=== Stage C: VQA epoch 1/1 ===
2025-11-08 02:04:20,754 - lib.model.drs - DEBUG - DRS input shapes: img_ref=torch.Size([27, 3, 384, 384]), img_cur=torch.Size([27, 3, 384, 384])
2025-11-08 02:04:20,772 - lib.model.drs - DEBUG - DRS feature map shapes: f_ref=torch.Size([27, 512, 12, 12]), f_cur=torch.Size([27, 512, 12, 12])
2025-11-08 02:04:20,773 - lib.model.qdt - DEBUG - QDT inputs: q_vec=torch.Size([27, 256]), concatenated feature map=torch.Size([27, 2048, 12, 12])
2025-11-08 02:04:20,776 - lib.model.qdt - DEBUG - QDT outputs: selected_tokens=torch.Size([27, 64, 2048]), heatmap=torch.Size([27, 12, 12])
2025-11-08 02:04:20,779 - lib.model.drs - DEBUG - DRS input shapes: img_ref=torch.Size([27, 3, 384, 384]), img_cur=torch.Size([27, 3, 384, 384])
2025-11-08 02:04:20,795 - lib.model.drs - DEBUG - DRS feature map shapes: f_ref=torch.Size([27, 512, 12, 12]), f_cur=torch.Size([27, 512, 12, 12])
2025-11-08 02:04:20,796 - lib.model.qdt - DEBUG - QDT inputs: q_vec=torch.Size([27, 256]), concatenated feature map=torch.Size([27, 2048, 12, 12])
2025-11-08 02:04:20,799 - lib.model.qdt - DEBUG - QDT outputs: selected_tokens=torch.Size([27, 64, 2048]), heatmap=torch.Size([27, 12, 12])
2025-11-08 02:04:23,191 - root - INFO - Stage C Epoch 1 Avg Loss: 4.0047
2025-11-08 02:04:23,191 - root - INFO - Running validation...
2025-11-08 02:04:25,105 - lib.model.drs - DEBUG - DRS input shapes: img_ref=torch.Size([18, 3, 384, 384]), img_cur=torch.Size([18, 3, 384, 384])
2025-11-08 02:04:37,909 - lib.model.drs - DEBUG - DRS feature map shapes: f_ref=torch.Size([18, 512, 12, 12]), f_cur=torch.Size([18, 512, 12, 12])
2025-11-08 02:04:37,910 - lib.model.qdt - DEBUG - QDT inputs: q_vec=torch.Size([18, 256]), concatenated feature map=torch.Size([18, 2048, 12, 12])
2025-11-08 02:04:37,994 - lib.model.qdt - DEBUG - QDT outputs: selected_tokens=torch.Size([18, 64, 2048]), heatmap=torch.Size([18, 12, 12])
2025-11-08 02:04:51,140 - root - INFO - Model saved to models\drift_vqa_final.pth
2025-11-08 02:31:00,218 - root - INFO - Starting DRIFT-VQA Training (Decoder-Only)
2025-11-08 02:31:00,219 - root - INFO - Configuration: {'data_root': 'D:/MIMIC-CXR-JPG/', 'train_pairs_csv': 'D:/MIMIC-CXR-JPG/mimic_pair_questions_p10_train.csv', 'train_meta_csv': 'D:/MIMIC-CXR-JPG/mimic_all_p10_train.csv', 'val_pairs_csv': 'D:/MIMIC-CXR-JPG/mimic_pair_questions_p10_val.csv', 'val_meta_csv': 'D:/MIMIC-CXR-JPG/mimic_all_p10_val.csv', 'test_pairs_csv': 'D:/MIMIC-CXR-JPG/mimic_pair_questions_p10_test.csv', 'test_meta_csv': 'D:/MIMIC-CXR-JPG/mimic_all_p10_test.csv', 'keyinfo_json': 'D:/MIMIC-CXR-JPG/all_diseases_p10.json', 'backbone': 'resnet18', 'max_ans_len': 64, 'text_encoder': 'tiny', 'text_model_name': 'emilyalsentzer/Bio_ClinicalBERT', 'text_finetune': False, 'text_dim': 768, 'text_proj_dim': 256, 'num_workers': 0, 'bs': 32, 'lr': 0.0002, 'epochs_mrm': 1, 'epochs_warmup': 1, 'epochs_vqa': 1, 'topk': 64, 'lambda_mrm': 0.1, 'lambda_align': 0.05, 'lambda_cf': 0.05, 'seed': 69}
2025-11-08 02:31:00,271 - root - INFO - Using device: cuda
2025-11-08 02:31:00,271 - root - INFO - Loading training data and building vocabulary...
2025-11-08 02:31:00,271 - lib.dataset - INFO - Loading cached dataset manifest from D:\MIMIC-CXR-JPG\mimic_diff_vqa_train_word_cache.pt...
2025-11-08 02:31:00,281 - lib.dataset - INFO - [train split] Building new WORD-LEVEL vocabulary...
2025-11-08 02:31:00,282 - root - INFO - Vocabulary built. Total size: 39 tokens.
2025-11-08 02:31:00,282 - root - INFO - Vocabulary saved to models\vocab.json
2025-11-08 02:31:00,283 - root - INFO - Loading validation data...
2025-11-08 02:31:00,283 - lib.dataset - INFO - Loading cached dataset manifest from D:\MIMIC-CXR-JPG\mimic_diff_vqa_val_word_cache.pt...
2025-11-08 02:31:00,293 - root - INFO - Using 0 data loader workers.
2025-11-08 02:31:00,293 - root - INFO - Initializing model...
2025-11-08 02:31:00,293 - lib.model.vqa - INFO - Initializing DiffVQAModel (Decoder-Only) with backbone: resnet18
2025-11-08 02:31:00,436 - lib.model.vqa - INFO - DRS output channels: 512, Total visual dim: 2048
2025-11-08 02:31:00,436 - lib.model.vqa - INFO - Using TinyText text encoder.
2025-11-08 02:31:00,941 - lib.model.vqa - INFO - Initializing Decoder Head. Vocab size: 39, Max len: 64
2025-11-08 02:31:01,937 - root - INFO - 
=== Stage A: MaskedResidualModel epoch 1/1 ===
2025-11-08 02:31:04,253 - lib.model.drs - DEBUG - DRS input shapes: img_ref=torch.Size([27, 3, 384, 384]), img_cur=torch.Size([27, 3, 384, 384])
2025-11-08 02:31:05,186 - lib.model.drs - DEBUG - DRS feature map shapes: f_ref=torch.Size([27, 512, 12, 12]), f_cur=torch.Size([27, 512, 12, 12])
2025-11-08 02:31:05,298 - lib.model.qdt - DEBUG - QDT inputs: q_vec=torch.Size([27, 256]), concatenated feature map=torch.Size([27, 2048, 12, 12])
2025-11-08 02:31:05,354 - lib.model.qdt - DEBUG - QDT outputs: selected_tokens=torch.Size([27, 64, 2048]), heatmap=torch.Size([27, 12, 12])
2025-11-08 02:31:05,876 - lib.model.drs - DEBUG - DRS input shapes: img_ref=torch.Size([27, 3, 384, 384]), img_cur=torch.Size([27, 3, 384, 384])
2025-11-08 02:31:05,884 - lib.model.drs - DEBUG - DRS feature map shapes: f_ref=torch.Size([27, 512, 12, 12]), f_cur=torch.Size([27, 512, 12, 12])
2025-11-08 02:31:05,885 - lib.model.qdt - DEBUG - QDT inputs: q_vec=torch.Size([27, 256]), concatenated feature map=torch.Size([27, 2048, 12, 12])
2025-11-08 02:31:05,887 - lib.model.qdt - DEBUG - QDT outputs: selected_tokens=torch.Size([27, 64, 2048]), heatmap=torch.Size([27, 12, 12])
2025-11-08 02:31:07,153 - root - INFO - Stage A Epoch 1 Avg Loss: 0.3457
2025-11-08 02:31:07,157 - root - INFO - 
=== Stage B: Warm-up epoch 1/1 ===
2025-11-08 02:31:09,252 - lib.model.drs - DEBUG - DRS input shapes: img_ref=torch.Size([27, 3, 384, 384]), img_cur=torch.Size([27, 3, 384, 384])
2025-11-08 02:31:09,262 - lib.model.drs - DEBUG - DRS feature map shapes: f_ref=torch.Size([27, 512, 12, 12]), f_cur=torch.Size([27, 512, 12, 12])
2025-11-08 02:31:09,262 - lib.model.qdt - DEBUG - QDT inputs: q_vec=torch.Size([27, 256]), concatenated feature map=torch.Size([27, 2048, 12, 12])
2025-11-08 02:31:09,264 - lib.model.qdt - DEBUG - QDT outputs: selected_tokens=torch.Size([27, 64, 2048]), heatmap=torch.Size([27, 12, 12])
2025-11-08 02:31:09,265 - lib.model.drs - DEBUG - DRS input shapes: img_ref=torch.Size([27, 3, 384, 384]), img_cur=torch.Size([27, 3, 384, 384])
2025-11-08 02:31:09,275 - lib.model.drs - DEBUG - DRS feature map shapes: f_ref=torch.Size([27, 512, 12, 12]), f_cur=torch.Size([27, 512, 12, 12])
2025-11-08 02:31:09,275 - lib.model.qdt - DEBUG - QDT inputs: q_vec=torch.Size([27, 256]), concatenated feature map=torch.Size([27, 2048, 12, 12])
2025-11-08 02:31:09,277 - lib.model.qdt - DEBUG - QDT outputs: selected_tokens=torch.Size([27, 64, 2048]), heatmap=torch.Size([27, 12, 12])
2025-11-08 02:31:10,032 - root - INFO - Stage B Epoch 1 Avg Loss: 3.9073
2025-11-08 02:31:10,036 - root - INFO - 
=== Stage C: VQA epoch 1/1 ===
2025-11-08 02:31:12,080 - lib.model.drs - DEBUG - DRS input shapes: img_ref=torch.Size([27, 3, 384, 384]), img_cur=torch.Size([27, 3, 384, 384])
2025-11-08 02:31:12,090 - lib.model.drs - DEBUG - DRS feature map shapes: f_ref=torch.Size([27, 512, 12, 12]), f_cur=torch.Size([27, 512, 12, 12])
2025-11-08 02:31:12,090 - lib.model.qdt - DEBUG - QDT inputs: q_vec=torch.Size([27, 256]), concatenated feature map=torch.Size([27, 2048, 12, 12])
2025-11-08 02:31:12,092 - lib.model.qdt - DEBUG - QDT outputs: selected_tokens=torch.Size([27, 64, 2048]), heatmap=torch.Size([27, 12, 12])
2025-11-08 02:31:12,093 - lib.model.drs - DEBUG - DRS input shapes: img_ref=torch.Size([27, 3, 384, 384]), img_cur=torch.Size([27, 3, 384, 384])
2025-11-08 02:31:12,101 - lib.model.drs - DEBUG - DRS feature map shapes: f_ref=torch.Size([27, 512, 12, 12]), f_cur=torch.Size([27, 512, 12, 12])
2025-11-08 02:31:12,102 - lib.model.qdt - DEBUG - QDT inputs: q_vec=torch.Size([27, 256]), concatenated feature map=torch.Size([27, 2048, 12, 12])
2025-11-08 02:31:12,104 - lib.model.qdt - DEBUG - QDT outputs: selected_tokens=torch.Size([27, 64, 2048]), heatmap=torch.Size([27, 12, 12])
2025-11-08 02:31:14,227 - root - INFO - Stage C Epoch 1 Avg Loss: 4.1098
2025-11-08 02:31:14,227 - root - INFO - Running validation...
2025-11-08 02:31:15,863 - lib.model.drs - DEBUG - DRS input shapes: img_ref=torch.Size([18, 3, 384, 384]), img_cur=torch.Size([18, 3, 384, 384])
2025-11-08 02:31:24,325 - lib.model.drs - DEBUG - DRS feature map shapes: f_ref=torch.Size([18, 512, 12, 12]), f_cur=torch.Size([18, 512, 12, 12])
2025-11-08 02:31:24,326 - lib.model.qdt - DEBUG - QDT inputs: q_vec=torch.Size([18, 256]), concatenated feature map=torch.Size([18, 2048, 12, 12])
2025-11-08 02:31:24,388 - lib.model.qdt - DEBUG - QDT outputs: selected_tokens=torch.Size([18, 64, 2048]), heatmap=torch.Size([18, 12, 12])
2025-11-08 02:31:34,923 - root - INFO - Model saved to models\drift_vqa_final.pth
